// Jest Snapshot v1, https://goo.gl/fbAQLP

exports[`Prueba del componente debe mostrar <HookApp /> correctamente 1`] = `
<div>
  <h1>
    hola mundo
  </h1>
</div>
`;
